[escortsaffairsupport.com/index.html]
[backblue.gif]
[fade.gif]
[index.html]
[escortsaffairsupport.com/common.css]
[escortsaffairsupport.com/bootstrap.min.css]
[escortsaffairsupport.com/images/Screen Shot 2022-12-10 at 3.41.42 PM.png]
[ajax.googleapis.com/ajax/libs/jquery/3.6.1/jquery.min.js]
[escortsaffairsupport.com/images/logo (2).png]
[escortsaffairsupport.com/home.css]
[stackpath.bootstrapcdn.com/font-awesome/4.7.0/css/font-awesome.min.css]
[escortsaffairsupport.com/terms.7.delayed]
[escortsaffairsupport.com/contact.8.delayed]
[static.escortsaffair.com/resources/js/popper.min.js]
[static.escortsaffair.com/resources/js/jquery-3.3.1.min.js]
[static.escortsaffair.com/resources/js/bootstrap.min.js]
[escortsaffairsupport.com/common.js]
[static.escortsaffair.com/resources/js/js.cookie-2.2.1.min.js]
[static.escortsaffair.com/resources/css/home/commons.js]
[escortsaffairsupport.com/cdn-cgi/scripts/7d0fa10a/cloudflare-static/rocket-loader.min.14.delayed]
[escortsaffairsupport.com/index.html]
[escortsaffairsupport.com/common.css]
[escortsaffairsupport.com/bootstrap.min.css]
[escortsaffairsupport.com/home.css]
[stackpath.bootstrapcdn.com/font-awesome/4.7.0/css/font-awesome.min.css]
[escortsaffairsupport.com/terms.html]
[escortsaffairsupport.com/contact.html]
[escortsaffairsupport.com/cdn-cgi/scripts/7d0fa10a/cloudflare-static/rocket-loader.min.html]
